[36mvite v5.4.19 [32mbuilding for production...[36m[39m
transforming...
node.exe : Browserslist: 
browsers data 
(caniuse-lite) is 9 months 
old. Please run:
At C:\Program 
Files\nodejs\npx.ps1:29 
char:3
+   & $NODE_EXE 
$NPX_CLI_JS $args
+   ~~~~~~~~~~~~~~~~~~~~~~~
~~~~~~
    + CategoryInfo         
     : NotSpecified: (Bro  
  wserslist: b...ld. Ple   
 ase run::String) [], R    
emoteException
    + FullyQualifiedErrorI 
   d : NativeCommandError
 
  npx update-browserslist-d
b@latest
  Why you should do it 
regularly: https://github.c
om/browserslist/update-db#r
eadme
[32mÔ£ô[39m 2955 modules transformed.
[31mx[39m Build failed 
in 23.18s

Ô£¿ [36m[vite-plugin-image-optimizer][39m - optimized images successfully: 
[2mdist[22m/[94mlogo.webp[39m        [90m[32m-21%[39m[90m   [39m [2m8.95 kB Ô¡ó  7.14 kB[22m
[2mdist[22m/[94mplaceholder.svg[39m  [90m[32m-2%[39m[90m    [39m [2m3.18 kB Ô¡ó  3.13 kB[22m

­ƒÆ░ total savings = [32m1.86kB[39m/[32m12.12kB[39m Ôëê [32m15%[39m


[31merror during build:
[31m[commonjs--resolver] 
Failed to resolve entry 
for package "@tiptap/pm". 
The package may have 
incorrect 
main/module/exports 
specified in its 
package.json: Missing "." 
specifier in "@tiptap/pm" 
package[31m
    at packageEntryFailure 
(file:///D:/Deepak/Blog%20S
oftware/Blog/node_modules/v
ite/dist/node/chunks/dep-C6
uTJdX2.js:46638:15)
    at resolvePackageEntry 
(file:///D:/Deepak/Blog%20S
oftware/Blog/node_modules/v
ite/dist/node/chunks/dep-C6
uTJdX2.js:46633:5)
    at tryNodeResolve (file
:///D:/Deepak/Blog%20Softwa
re/Blog/node_modules/vite/d
ist/node/chunks/dep-C6uTJdX
2.js:46451:16)
    at Object.resolveId (fi
le:///D:/Deepak/Blog%20Soft
ware/Blog/node_modules/vite
/dist/node/chunks/dep-C6uTJ
dX2.js:46201:19)
    at file:///D:/Deepak/Bl
og%20Software/Blog/node_mod
ules/rollup/dist/es/shared/
node-entry.js:20730:40
    at async PluginDriver.h
ookFirstAndGetPlugin (file:
///D:/Deepak/Blog%20Softwar
e/Blog/node_modules/rollup/
dist/es/shared/node-entry.j
s:20630:28)
    at async resolveId (fil
e:///D:/Deepak/Blog%20Softw
are/Blog/node_modules/rollu
p/dist/es/shared/node-entry
.js:19234:26)
    at async 
ModuleLoader.resolveId (fil
e:///D:/Deepak/Blog%20Softw
are/Blog/node_modules/rollu
p/dist/es/shared/node-entry
.js:19663:15)
    at async 
Object.resolveId (file:///D
:/Deepak/Blog%20Software/Bl
og/node_modules/vite/dist/n
ode/chunks/dep-C6uTJdX2.js:
12834:10)
    at async PluginDriver.h
ookFirstAndGetPlugin (file:
///D:/Deepak/Blog%20Softwar
e/Blog/node_modules/rollup/
dist/es/shared/node-entry.j
s:20630:28)[39m
